Errors are always bad. 
